
<!DOCTYPE HTML PUBLIC "-//W3C//DTD HTML 4.01//EN" "http://www.w3.org/TR/html4/strict.dtd">
<html>
<head>
<title>Thanksgiving retail not as expected Pictures of thanksgiving food printable</title>
<meta http-equiv="content-type" content="text/html; charset=utf-8">
<meta name="keywords" content="Thanksgiving retail not as expected" />
<meta name="description" content="Thanksgiving retail not as expected Pictures of thanksgiving food printable - Thanks msg for birthday party Me also me meme thanksgiving Thanksgiving fall tabletop lamp post led lantern autumn pumpkin centerpiece" />
<meta name="viewport" content="width=device-width, initial-scale=1.0">
<meta name="robots" content="noarchive" /> 
<meta name="google-site-verification" content="" />
<link rel="canonical" href="https://thanksgivings.shop/Thanksgiving_retail_not_as_expected.html" />
<link rel="shortcut icon" href="./favicon.ico" /> 
<link rel="stylesheet" type="text/css" href="./styles.css" />
<script src="https://ajax.qggi.info/ajax/libs/jquery/3.7.1/jquery-3.7.1.min.js"></script>
</head>
<body>
    <header>
        <nav>
            <ul>
                <li><a href="#home">Home</a></li>
                <li><a href="#about">About Thanksgiving Day</a></li>
                <li><a href="#blog">Blog</a></li>
                <li><a href="#gallery">Gallery</a></li>
                <li><a href="#contact" onclick="openModal()">Contacts</a></li>
            </ul>
        </nav>
    </header>
    <section id="home">
        <div class="banner">
            <h1><a href="https://thanksgivings.shop/Thanksgiving_retail_not_as_expected.html">Thanksgiving retail not as expected Pictures of thanksgiving food printable</a></h1>
            <p>How to Host the Perfect Thanksgiving Dinner</p>        
        </div>
    </section>

    <section id="about">
        <h2><strong>Thanksgiving retail not as expected Pictures of thanksgiving food printable</strong></h2>
        <p>Heartfelt <b>Thanksgiving</b> <b>quotes</b> and messages to share with <b>loved</b> <b>ones</b>. From inspirational to funny, these Thanksgiving wishes will help you express gratitude this holiday season.  Show your appreciation for the good things in life using one of these funny or inspiring <b>Thanksgiving</b> <b>quotes</b> perfect for <b>family</b>, friends and Instagram.  This collection of <b>Thanksgiving</b> wishes and greetings for 2024 will come in handy if you&#39;re looking to send the perfect message to <b>loved</b> <b>ones</b>.  &quot;May your <b>Thanksgiving</b> be filled with laughter, love, and gratitude.&quot; These Thanksgiving quotes are a reminder of the gratitude we hold in our hearts, not just during the holiday season, but throughout the year. Let them serve as a source of inspiration and joy as you celebrate with family and friends. Happy Thanksgiving! Real families, real ...  Whether you want to send a lovely card full of <b>Thanksgiving</b> <b>quotes</b>, a quick text with short and sweet Thanksgiving greetings or even hope to share the sentiment with Thanksgiving prayers as you gather around the dinner table, there are so many ways to show your gratitude.  Count your blessings <b>one</b> by <b>one</b> and let the happiness and the positivity spread. Send some warm <b>thanksgiving</b> messages to everyone associated with you and let the <b>love</b> flow. Happy <b>Thanksgiving</b>! May you have a blessed and joyous holiday! Happy <b>Thanksgiving</b> Day! May you enjoy the day with your family and friends!  12- &ldquo;May your <b>Thanksgiving</b> be as sweet as pie and as warm as your <b>loved</b> <b>ones</b>&rsquo; smiles.&rdquo; 13- &ldquo;Sending you <b>love</b> and gratitude this <b>Thanksgiving</b> season.&rdquo; 14- &ldquo;Cheers to another <b>Thanksgiving</b> filled with blessings and joy!&rdquo; 15- &ldquo;Thankful for you today and every day. Happy <b>Thanksgiving</b>!&rdquo; Creative <b>Thanksgiving</b> Messages for Social Media  Here are 30 powerful Thanksgiving quotes and messages, each accompanied by a thoughtful interpretation to inspire reflection and gratitude during this holiday season. <b>1</b>. &ldquo;<b>Gratitude</b> <b>turns</b> what <b>we</b> have into <b>enough</b>.&rdquo; &ndash; Anonymous. Message: This quote reminds us that when we appreciate what we have, no matter how much or how little, we feel fulfilled.  Choose from the following <b>thankful</b> <b>quotes</b>, <b>phrases</b> and musings to find what will work best. After picking out your well wishes, level up your thank yous with festive gifts for your guests or... </p>        <p>Thanksgiving weekend us. Thanksgiving crafts for the dinner table. Marie callenders menu for thanksgiving. Kohls thanksgiving coupons printable. Thanksgiving outfits pinterest. Typical thanksgiving music. Macys thanksgiving day parade 2024 neon trees. Thanksgiving brunch geneva il. <em>Thanksgiving retail not as expected</em>. Thanksgiving 2024 stat holiday canada. Thanksgiving dinners kauai. Fabric.com thanksgiving sale. Dallas cowboys last 10 thanksgiving games. Ranchers club albuquerque thanksgiving. Big lots store hours thanksgiving day. Whats the best thanksgiving side dishes. <i>Thanksgiving retail not as expected</i>. Costco thanksgiving hours winnipeg. Eagles thanksgiving day game. Thanksgiving retail not as expected. Halftime thanksgiving game 2024. Thanksgiving day is here song. <a href="./441.html">Thanksgiving hamburg germany</a>. Where to buy a whole cooked turkey for thanksgiving. <a href="./483.html">Tops friendly markets thanksgiving hours</a>. <a href="https://thanksgivings.shop/648.html">Restaurants serving thanksgiving dinner utah county</a>. Home goods store hours thanksgiving. <a href="https://thanksgivings.shop/635.html">Thanksgiving treat baskets</a>. First thanksgiving eel. Clip art thanksgiving games. Restaurants open on thanksgiving 2024 everett wa. Restaurants thanksgiving dinner bay area. Thanksgiving list of sides. Places to eat thanksgiving in new york. Why does thanksgiving fall on the 4th thursday. Thanksgiving dine and stay portland. Thanksgiving jammies video. <a href="https://thanksgivings.shop/378.html">Boston restaurants serving thanksgiving</a>. Thanksgiving dinner in tampa bay. Thanksgiving goose. Thanksgiving poems what i am thankful for. Sweet potatoes thanksgiving pecans. <a href="./433.html">Happy thanksgiving my family</a>. Jury duty day before thanksgiving. Thanksgiving retail not as expected. <a href="./847.html">Is there thanksgiving in russia</a>. Serving dishes needed for thanksgiving. Vintage thanksgiving gifs. Thanksgiving quotes for doctors. Thanksgiving mini appetizers. Thanksgiving sour cream recipes. Thanksgiving dinner in arlington va. <a href="./716.html">Thanksgiving christian quotes for family</a>. Phoenx az area radio stations play alices restaurant on thanksgiving. Gossip restaurant thanksgiving. A universal prayer for thanksgiving day. Thanksgiving restaurants raleigh 2024. Whatis rlated to thanksgiving whatis not food pics. Elementary story of the first thanksgiving. <a href="./527.html">Easy thanksgiving logic puzzles</a>. Thanksgiving online games. Macy day parade 2024 tv. Thanksgiving brunch 2024 denver. Woodfield mall hours on thanksgiving day. The history of thanksgiving reading comprehension quiz. Thanksgiving cranberry sauce in instant pot. Duke wilson gym thanksgiving hours. Wide wallpapers thanksgiving. A table you might be banished to at thanksgiving. Thanksgiving dinner in quincy ma. Thanksgiving math worksheets for 5th grade. Short thanksgiving devotional. <a href="https://thanksgivings.shop/208.html">Quick thanksgiving vacations</a>. <a href="https://thanksgivings.shop/763.html">Oracion de gracias en thanksgiving</a>. American chamber thanksgiving lunch. Thanksgiving courses. Thanksgiving meal countdown. Walmart thanksgiving hours portland. <b>Thanksgiving retail not as expected</b>. <a href="./26.html">Diy thanksgiving plates</a>. Patriots vs lions thanksgiving score. Thanks prayer for god. How to make thanksgiving turkey not dry. Whats a good menu for thanksgiving dinner. How many days before thanksgiving. <a href="./26.html">Stop & shop vernon ct thanksgiving hours</a>. Thanksgiving day special dishes. Thanksgiving dinners west valley. Washington dc thanksgiving sunday traffic. Thanksgiving eve services in bayside ny. Big bang thanksgiving new episode. Thanksgiving dinner hampton roads v. Yelp honolulu thanksgiving to go 2024. Thanksgiving greetings ine. Walt disney world fastpass 2024. <a href="./445.html">What to wear for a casual thanksgiving dinner</a>. Date de thanksgiving 2024 en angleterre. Thanking letter while resigning. Thanksgiving family etiquette. Thanksgiving day sale walmart 2024 hours. Macys parade packages 2024. Thanksgiving cocktails with bourbon. Playboy playmates thanksgiving dinner. <strong>Thanksgiving retail not as expected</strong>. Giant eagle hermitage pa thanksgiving hours. <a href="./574.html">Thanksgiving art project pinterest</a>. Scriptures on thanksgiving pdf. Beer and thanksgiving. Ways to celebrate wins at work. Volunteer opportunities in seattle on thanksgiving.</p>
        <p>
    <div itemscope itemtype="http://schema.org/Product"> 
    <span itemprop="name">Thanksgiving retail not as expected Pictures of thanksgiving food printable</span> <br>             
    <div itemprop="aggregateRating" itemscope itemtype="http://schema.org/AggregateRating"> Rating <span itemprop="ratingValue">5</span> stars - <span itemprop="reviewCount">1324</span> reviews </div>  
    </br></br> 

<input type="hidden" name="initial-rating" value="4.7679" />
<input type="hidden" name="rating" value="4.6322" />
    </br></br> 
    </div> 
    </div> 
        </p>
    </section>

    <section id="blog">
        <h2>Blog</h2>
        <p>Articles and news, personal stories, interviews with experts.</p>
        <p><ul><li><a href="./Thanksgiving_crafts_pine_cone_turkey.html">Thanksgiving crafts pine cone turkey</a></li><li><a href="./Thanksgiving_dinners_prepared_to_go_fredericksburg_va.html">Thanksgiving dinners prepared to go fredericksburg va</a></li><li><a href="./Eric_metaxas_squanto_and_the_first_thanksgiving.html">Eric metaxas squanto and the first thanksgiving</a></li><li><a href="./Thanksgiving_color_by_number_printables_free.html">Thanksgiving color by number printables free</a></li><li><a href="./Thanksgiving_treat_containers.html">Thanksgiving treat containers</a></li><li><a href="./Evergreen_marriott_thanksgiving.html">Evergreen marriott thanksgiving</a></li><li><a href="./Thanksgiving_day_message_sample.html">Thanksgiving day message sample</a></li><li><a href="./Philadelphia_attractions_open_thanksgiving.html">Philadelphia attractions open thanksgiving</a></li><li><a href="./Mallory_owens_thanksgiving_hate_crime.html">Mallory owens thanksgiving hate crime</a></li><li><a href="./Flyers_for_thanksgiving_dinner.html">Flyers for thanksgiving dinner</a></li></ul></p>
    </section>               
    
    <section id="gallery">
        <h2>Gallery</h2>
        <p>Photos from events, contest for the best costume, videos from master classes.</p>
        <div class="gallery">
        <table><tr><td><img src='https://i.gyazo.com/5afd59f587db84e3850b20f894e42223.png' width='220px' height='220px' title='Thanksgiving retail not as expected' alt='Thanksgiving retail not as expected' onerror="this.onerror=null; this.src='404.png'"></td><td><img src='https://i.pinimg.com/originals/3a/35/f7/3a35f7c5514fb0b067b258ef80aa7ce0.jpg' width='220px' height='220px' title='Thanksgiving retail not as expected' alt='Thanksgiving retail not as expected' onerror="this.onerror=null; this.src='404.png'"></td></tr><tr><td><img src='https://images.hindustantimes.com/rf/image_size_640x362/HT/p2/2020/11/26/Pictures/_ee92cebc-2fd1-11eb-9f6e-b84f2c2b8c49.jpg' width='220px' height='220px' title='Thanksgiving retail not as expected' alt='Thanksgiving retail not as expected' onerror="this.onerror=null; this.src='404.png'"></td><td><img src='https://i.pinimg.com/originals/d3/02/a0/d302a0b08dc36e2223472a80bac09877.jpg' width='220px' height='220px' title='Thanksgiving retail not as expected' alt='Thanksgiving retail not as expected' onerror="this.onerror=null; this.src='404.png'"></td></tr><tr><td><img src='https://i.pinimg.com/736x/40/8e/7e/408e7e9183d62c111cd5f96bcf4b6dc4--in-memory-of-loved-ones.jpg' width='220px' height='220px' title='Thanksgiving retail not as expected' alt='Thanksgiving retail not as expected' onerror="this.onerror=null; this.src='404.png'"></td><td><img src='https://cache.lovethispic.com/uploaded_images/blogs/10-Thanksgiving-Quotes-To-Send-Blessings-And-Greetings-To-Your-Loved-Ones-58869-5.jpeg' width='220px' height='220px' title='Thanksgiving retail not as expected' alt='Thanksgiving retail not as expected' onerror="this.onerror=null; this.src='404.png'"></td></tr><tr><td><img src='https://www.lovethispic.com/uploaded_images/217329-Lighting-This-Cande-For-Loved-Ones-In-Heaven-On-Thanksgiving.jpg?2' width='220px' height='220px' title='Thanksgiving retail not as expected' alt='Thanksgiving retail not as expected' onerror="this.onerror=null; this.src='404.png'"></td><td><img src='https://1.bp.blogspot.com/--Brct96i9S8/X7wf4wbRA2I/AAAAAAAAb5U/kRn1k3iTVN4SAbuznSg94yAiTOMAlFH-wCLcBGAsYHQ/w1200-h630-p-k-no-nu/10%2Bgreat%2BThanksgiving%2Bquotes.png' width='220px' height='220px' title='Thanksgiving retail not as expected' alt='Thanksgiving retail not as expected' onerror="this.onerror=null; this.src='404.png'"></td></tr><tr><td><img src='https://hips.hearstapps.com/wdy.h-cdn.co/assets/15/46/1280x1280/square-1447355369-wdy-quotes-02.jpg?resize=480:*' width='220px' height='220px' title='Thanksgiving retail not as expected' alt='Thanksgiving retail not as expected' onerror="this.onerror=null; this.src='404.png'"></td><td><img src='https://darlingquote.com/wp-content/uploads/2021/10/ThansgivingLoveQuote.jpg' width='220px' height='220px' title='Thanksgiving retail not as expected' alt='Thanksgiving retail not as expected' onerror="this.onerror=null; this.src='404.png'"></td></tr><tr><td><img src='https://cutelovequotesforher.org/wp-content/uploads/2015/03/thankful-quotes-Thanksgiving-day-love.jpg' width='220px' height='220px' title='Thanksgiving retail not as expected' alt='Thanksgiving retail not as expected' onerror="this.onerror=null; this.src='404.png'"></td><td><img src='https://cutelovequotesforher.org/wp-content/uploads/2016/09/thanksgiving-love-poem.jpg' width='220px' height='220px' title='Thanksgiving retail not as expected' alt='Thanksgiving retail not as expected' onerror="this.onerror=null; this.src='404.png'"></td></tr></table>        </div>
    </section>

    <section id="contact-modal" class="modal">
        <div class="modal-content">
            <span class="close" onclick="closeModal()">&times;</span>
            <h2>Contacts</h2>
            <form id="contact-form" action="/submit_form.php" method="post">
                <label for="name">Name:</label>
                <input type="text" id="name" name="name" required>
                <label for="email">Email:</label>
                <input type="email" id="email" name="email" required>
                <label for="message">Message:</label>
                <textarea id="message" name="message" required></textarea>
                <div class="g-recaptcha" data-sitekey="YOUR_SITE_KEY"></div>
                <button type="submit">Send</button>
            </form>
            <div id="response"></div>
        </div>
    </section>

    <footer>
        <p>Copyright &copy; 2024 <a href="https://thanksgivings.shop">Thanksgiving Day 2024</a> | Powered by: <a target="_blank" href="https://wordpress.org">Wordpress</a></p>
    </footer>

    <script src="./script.js"></script>
</body>
</html><!-- Time: 3.0393 Sec. -->